// Jest Snapshot v1, https://goo.gl/fbAQLP

exports[`Todo Input page matches snapshot 1`] = `
<DocumentFragment>
  <div
    class="ToDoInput__container"
  >
    <input
      class="ToDoInput__input"
      data-testid="todo-input"
      placeholder="What needs to be done?"
    />
  </div>
</DocumentFragment>
`;
